<?php return array (
  0 => 'Symfony\\Bundle\\FrameworkBundle\\EventListener\\SessionListener',
  1 => 'Symfony\\Component\\HttpFoundation\\Session\\Storage\\NativeSessionStorage',
  2 => 'Symfony\\Component\\HttpFoundation\\Session\\Storage\\PhpBridgeSessionStorage',
  3 => 'Symfony\\Component\\HttpFoundation\\Session\\Storage\\Handler\\NativeFileSessionHandler',
  4 => 'Symfony\\Component\\HttpFoundation\\Session\\Storage\\Proxy\\AbstractProxy',
  5 => 'Symfony\\Component\\HttpFoundation\\Session\\Storage\\Proxy\\SessionHandlerProxy',
  6 => 'Symfony\\Component\\HttpFoundation\\Session\\Session',
  8 => 'Symfony\\Bundle\\FrameworkBundle\\Templating\\GlobalVariables',
  9 => 'Symfony\\Bundle\\FrameworkBundle\\Templating\\TemplateReference',
  10 => 'Symfony\\Bundle\\FrameworkBundle\\Templating\\TemplateNameParser',
  11 => 'Symfony\\Bundle\\FrameworkBundle\\Templating\\Loader\\TemplateLocator',
  12 => 'Symfony\\Component\\Templating\\Storage\\FileStorage',
  13 => 'Symfony\\Bundle\\FrameworkBundle\\Templating\\PhpEngine',
  14 => 'Symfony\\Bundle\\FrameworkBundle\\Templating\\Loader\\FilesystemLoader',
  15 => 'Symfony\\Component\\Cache\\Adapter\\ApcuAdapter',
  16 => 'Symfony\\Component\\Cache\\Adapter\\FilesystemAdapter',
  17 => 'Symfony\\Component\\Cache\\CacheItem',
  18 => 'Symfony\\Component\\Routing\\Generator\\UrlGenerator',
  19 => 'Symfony\\Component\\Routing\\RequestContext',
  20 => 'Symfony\\Component\\Routing\\Router',
  21 => 'Symfony\\Bundle\\FrameworkBundle\\Routing\\RedirectableUrlMatcher',
  22 => 'Symfony\\Bundle\\FrameworkBundle\\Routing\\Router',
  23 => 'Symfony\\Component\\Cache\\Adapter\\PhpArrayAdapter',
  24 => 'Symfony\\Component\\Cache\\DoctrineProvider',
  25 => 'Symfony\\Component\\Config\\ConfigCache',
  26 => 'Symfony\\Component\\Config\\FileLocator',
  27 => 'Symfony\\Component\\Debug\\ErrorHandler',
  28 => 'Symfony\\Component\\DependencyInjection\\ContainerAwareInterface',
  29 => 'Symfony\\Component\\DependencyInjection\\Container',
  30 => 'Symfony\\Component\\EventDispatcher\\Event',
  31 => 'Symfony\\Component\\EventDispatcher\\ContainerAwareEventDispatcher',
  32 => 'Symfony\\Component\\HttpFoundation\\Response',
  33 => 'Symfony\\Component\\HttpFoundation\\ResponseHeaderBag',
  34 => 'Symfony\\Component\\HttpKernel\\EventListener\\ResponseListener',
  35 => 'Symfony\\Component\\HttpKernel\\EventListener\\RouterListener',
  36 => 'Symfony\\Component\\HttpKernel\\Bundle\\Bundle',
  37 => 'Symfony\\Component\\HttpKernel\\Controller\\ControllerResolver',
  38 => 'Symfony\\Component\\HttpKernel\\Controller\\ArgumentResolver',
  39 => 'Symfony\\Component\\HttpKernel\\ControllerMetadata\\ArgumentMetadata',
  40 => 'Symfony\\Component\\HttpKernel\\ControllerMetadata\\ArgumentMetadataFactory',
  41 => 'Symfony\\Component\\HttpKernel\\Event\\KernelEvent',
  42 => 'Symfony\\Component\\HttpKernel\\Event\\FilterControllerEvent',
  43 => 'Symfony\\Component\\HttpKernel\\Event\\FilterResponseEvent',
  44 => 'Symfony\\Component\\HttpKernel\\Event\\GetResponseEvent',
  45 => 'Symfony\\Component\\HttpKernel\\Event\\GetResponseForControllerResultEvent',
  46 => 'Symfony\\Component\\HttpKernel\\Event\\GetResponseForExceptionEvent',
  47 => 'Symfony\\Component\\HttpKernel\\HttpKernel',
  48 => 'Symfony\\Component\\HttpKernel\\KernelEvents',
  49 => 'Symfony\\Component\\HttpKernel\\Config\\FileLocator',
  50 => 'Symfony\\Bundle\\FrameworkBundle\\Controller\\ControllerNameParser',
  51 => 'Symfony\\Bundle\\FrameworkBundle\\Controller\\ControllerResolver',
  52 => 'Symfony\\Component\\Security\\Http\\AccessMap',
  53 => 'Symfony\\Component\\Security\\Http\\Firewall',
  54 => 'Symfony\\Component\\Security\\Core\\User\\UserProviderInterface',
  55 => 'Symfony\\Component\\Security\\Core\\Authentication\\AuthenticationProviderManager',
  56 => 'Symfony\\Component\\Security\\Core\\Authentication\\Token\\Storage\\TokenStorage',
  57 => 'Symfony\\Component\\Security\\Core\\Authorization\\AccessDecisionManager',
  58 => 'Symfony\\Component\\Security\\Core\\Authorization\\AuthorizationChecker',
  59 => 'Symfony\\Component\\Security\\Core\\Authorization\\Voter\\VoterInterface',
  60 => 'Symfony\\Bundle\\SecurityBundle\\Security\\FirewallConfig',
  61 => 'Symfony\\Bundle\\SecurityBundle\\Security\\FirewallMap',
  62 => 'Symfony\\Bundle\\SecurityBundle\\Security\\FirewallContext',
  63 => 'Symfony\\Component\\HttpFoundation\\RequestMatcher',
  64 => 'Twig_Environment',
  65 => 'Twig_Extension',
  66 => 'Twig_Extension_Core',
  67 => 'Twig_Extension_Escaper',
  68 => 'Twig_Extension_Optimizer',
  69 => 'Twig_LoaderInterface',
  70 => 'Twig_Markup',
  71 => 'Twig_Template',
  72 => 'Monolog\\Formatter\\FormatterInterface',
  73 => 'Monolog\\Formatter\\LineFormatter',
  74 => 'Monolog\\Handler\\HandlerInterface',
  75 => 'Monolog\\Handler\\AbstractHandler',
  76 => 'Monolog\\Handler\\AbstractProcessingHandler',
  77 => 'Monolog\\Handler\\StreamHandler',
  78 => 'Monolog\\Handler\\FingersCrossedHandler',
  79 => 'Monolog\\Handler\\FilterHandler',
  80 => 'Monolog\\Handler\\TestHandler',
  81 => 'Monolog\\Logger',
  82 => 'Symfony\\Bridge\\Monolog\\Logger',
  83 => 'Monolog\\Handler\\FingersCrossed\\ActivationStrategyInterface',
  84 => 'Monolog\\Handler\\FingersCrossed\\ErrorLevelActivationStrategy',
  85 => 'Doctrine\\Common\\Annotations\\DocLexer',
  86 => 'Doctrine\\Common\\Annotations\\FileCacheReader',
  87 => 'Doctrine\\Common\\Annotations\\PhpParser',
  88 => 'Doctrine\\Common\\Annotations\\Reader',
  89 => 'Doctrine\\Common\\Lexer',
  90 => 'Doctrine\\Common\\Persistence\\ConnectionRegistry',
  91 => 'Doctrine\\Common\\Persistence\\Proxy',
  92 => 'Doctrine\\Common\\Util\\ClassUtils',
  93 => 'Doctrine\\Bundle\\DoctrineBundle\\Registry',
  94 => 'Sensio\\Bundle\\FrameworkExtraBundle\\EventListener\\ControllerListener',
  95 => 'Sensio\\Bundle\\FrameworkExtraBundle\\EventListener\\ParamConverterListener',
  96 => 'Sensio\\Bundle\\FrameworkExtraBundle\\Request\\ParamConverter\\DateTimeParamConverter',
  97 => 'Sensio\\Bundle\\FrameworkExtraBundle\\Request\\ParamConverter\\DoctrineParamConverter',
  98 => 'Sensio\\Bundle\\FrameworkExtraBundle\\Request\\ParamConverter\\ParamConverterInterface',
  99 => 'Sensio\\Bundle\\FrameworkExtraBundle\\Request\\ParamConverter\\ParamConverterManager',
  100 => 'Sensio\\Bundle\\FrameworkExtraBundle\\EventListener\\TemplateListener',
  101 => 'Sensio\\Bundle\\FrameworkExtraBundle\\EventListener\\HttpCacheListener',
  102 => 'Sensio\\Bundle\\FrameworkExtraBundle\\EventListener\\SecurityListener',
  103 => 'Sensio\\Bundle\\FrameworkExtraBundle\\Configuration\\ConfigurationAnnotation',
  104 => 'Symfony\\Bundle\\AsseticBundle\\DefaultValueSupplier',
  105 => 'Symfony\\Bundle\\AsseticBundle\\Factory\\AssetFactory',
);